Target Part: A2F200M3F_FBGA484_STD
Report for cell fifo2x8.archfifo2x8
  Core Cell usage:
              cell count     area count*area
               GND     1      0.0        0.0
               MX2     8      1.0        8.0
              NOR2     2      1.0        2.0
             NOR2A     5      1.0        5.0
             NOR2B     1      1.0        1.0
               OR2     2      1.0        2.0
               VCC     1      0.0        0.0
              XA1A     1      1.0        1.0
              XA1C     1      1.0        1.0


              DFN1     4      1.0        4.0
            DFN1C1     1      1.0        1.0
            DFN1E1     8      1.0        8.0
          DFN1E1C1    18      1.0       18.0
            DFN1P1     1      1.0        1.0
                   -----          ----------
             TOTAL    54                52.0


  IO Cell usage:
              cell count
            CLKBUF     2
             INBUF    15
            OUTBUF    26
                   -----
             TOTAL    43


Core Cells         : 52 of 4608 (1%)
IO Cells           : 43

  RAM/ROM Usage Summary
Block Rams : 0 of 8 (0%)

