

@S |Clock Optimization Summary


#### START OF CLOCK OPTIMIZATION REPORT #####[

Clock optimization not enabled
2 non-gated/non-generated clock tree(s) driving 33 clock pin(s) of sequential element(s)
0 gated/generated clock tree(s) driving 0 clock pin(s) of sequential element(s)
0 instances converted, 0 sequential instances remain driven by gated/generated clocks

================================= Non-Gated/Non-Generated Clocks =================================
Clock Tree ID     Driving Element     Drive Element Type           Fanout     Sample Instance     
--------------------------------------------------------------------------------------------------
@K:CKID0001       aclk                clock definition on port     20         data_source.adata[7]
@K:CKID0002       bclk                clock definition on port     13         bloadq              
==================================================================================================


##### END OF CLOCK OPTIMIZATION REPORT ######]

